// Jest Snapshot v1, https://goo.gl/fbAQLP

exports[`DateInput shallow render 1`] = `
<div
  className="input-block"
>
  <label
    className="input-label"
    htmlFor="test"
  >
    DateInput
  </label>
  <input
    className="input-field date-field"
    defaultValue="2021-04-13"
    id="test"
    name="test"
    type="date"
  />
</div>
`;
